[run] next build

> touch-engine-web@0.1.0 build
> next build

 ⚠ Warning: Next.js inferred your workspace root, but it may not be correct.
 We detected multiple lockfiles and selected the directory of /Volumes/MobileHD/Work/派诺生态/package-lock.json as the root directory.
 To silence this warning, set `outputFileTracingRoot` in your Next.js config, or consider removing one of the lockfiles if it's not needed.
   See https://nextjs.org/docs/app/api-reference/config/next-config-js/output#caveats for more information.
 Detected additional lockfiles: 
   * /Volumes/MobileHD/Work/派诺生态/_worktrees/ui-r5-20261008/touch-engine-hui2628/web/package-lock.json

   ▲ Next.js 15.5.25

   Creating an optimized production build ...
 ✓ Compiled successfully in 4.6s
   Linting and checking validity of types ...
   Collecting page data ...
   Generating static pages (0/14) ...
   Generating static pages (3/14) 
   Generating static pages (6/14) 
   Generating static pages (10/14) 
 ✓ Generating static pages (14/14)
   Finalizing page optimization ...
   Collecting build traces ...

Route (app)                                 Size  First Load JS
┌ ○ /                                    6.31 kB         113 kB
├ ○ /_not-found                            996 B         104 kB
├ ○ /admin                               15.3 kB         129 kB
├ ○ /admin/preview                        1.9 kB         112 kB
├ ƒ /api/[...path]                         137 B         103 kB
├ ƒ /api/eco-nav                           137 B         103 kB
├ ƒ /api/eco-nav/campaign-image            137 B         103 kB
├ ƒ /api/eco-nav/launches                  137 B         103 kB
├ ƒ /c/[code]                              252 B         115 kB
├ ƒ /c/[code]/contact                      250 B         115 kB
├ ○ /work/analytics                      3.89 kB         106 kB
├ ○ /work/campaigns                      4.43 kB         107 kB
├ ƒ /work/campaigns/[id]                 7.06 kB         113 kB
├ ○ /work/materials                      4.06 kB         107 kB
├ ○ /work/rewards                        5.12 kB         108 kB
└ ○ /work/stores                         4.16 kB         107 kB
+ First Load JS shared by all             103 kB
  ├ chunks/255-37e0f0325134c4d7.js       46.4 kB
  ├ chunks/4bd1b696-c023c6e3521b1417.js  54.2 kB
  └ other shared chunks (total)          1.93 kB


○  (Static)   prerendered as static content
ƒ  (Dynamic)  server-rendered on demand

[env] provisioned tenant tnt_2945c4eb5f19272d996a73b61c5e501b
[env] up complete

Running 10 tests using 1 worker

  ✓   1 e2e/specs/01-merchant-first-entry.spec.ts:5:5 › merchant first entry shows today desk with real data (1.2s)
  ✓   2 e2e/specs/02-public-states.spec.ts:8:5 › public page states (803ms)
  ✓   3 e2e/specs/02-public-states.spec.ts:32:5 › public page loading state while link fetch is pending (402ms)
  ✓   4 e2e/specs/03-contact-flow.spec.ts:8:5 › contact flow submit then revoke (634ms)
  ✓   5 e2e/specs/04-reward-unknown.spec.ts:5:5 › unknown reward never shows success green (433ms)
  ✓   6 e2e/specs/05-no-eco-nav-on-public.spec.ts:5:5 › no eco nav on public page (569ms)
  ✓   7 e2e/specs/06-a11y-screenshots.spec.ts:30:5 › a11y + screenshots across 8 representative pages (31.0s)
  ✓   8 e2e/specs/07-narrow-nav-probe.spec.ts:7:5 › 390 下 EcoTopNav context 单行、无横向溢出、bar 56px (1.2s)
  ✓   9 e2e/specs/07-narrow-nav-probe.spec.ts:28:5 › 1440 下同一探针不受窄修影响 (1.2s)
  ✓  10 e2e/specs/08-blind-family-materials.spec.ts:22:5 › blind family 去品牌截图（1440，商家四页） (3.4s)

  10 passed (45.8s)
[env] stopped identity pid 18206 (port 18461)
[env] stopped identity pid 18686 (port 18461)
[env] stopped web pid 18691 (port 18462)
[run] playwright exit=0
[gate] ---- 证据汇总 ----
[gate] spec 文件数: 8（01-merchant-first-entry.spec.ts, 02-public-states.spec.ts, 03-contact-flow.spec.ts, 04-reward-unknown.spec.ts, 05-no-eco-nav-on-public.spec.ts, 06-a11y-screenshots.spec.ts, 07-narrow-nav-probe.spec.ts, 08-blind-family-materials.spec.ts）
[gate] 用例数: 10，passed=10，failed=0，skipped=0
[gate] 验收截图: 25/25 在 evidence/（missing: 无）
[gate] axe critical+serious: 0
[gate] ----------------------
[gate] 证据门通过
[run] PASS
EXIT=0
